Script started on Sat 18 Apr 2015 09:57:02 PM PDT
~
zxie003@hammer $ exitbin/rshell[6Pmake[2Plscd rshell/ls[Kvim README.md ls[Kvim README.md ls[Kcd rshell/ls[Kmake[2Plscd rshell/ls[Kvim README.md [1Pcd[C[C[C[C[C[C[C[C[C[C[Cls[Kcd hw0-rshell/ls[Kcd hw0-rshell/ls[Kcd hw0-rshell/
bash: cd: hw0-rshell/: No such file or directory
~
zxie003@hammer $ ls
[0m[01;34malice[0m/    [01;34mDocuments[0m/     [01;32mlab2_ex2.cpp[0m*  new.txt    [01;34mrshell[0m/     [01;34mVideos[0m/
[01;34mCS10[0m/     [01;34mDownloads[0m/     [01;32mlab2_ex3.cpp[0m*  [01;34mPictures[0m/  [01;34mTemplates[0m/  [01;34mWINDOWS[0m/
[01;34mDesktop[0m/  [01;32mlab2_ex1.cpp[0m*  [01;34mMusic[0m/         [01;34mPublic[0m/    [01;34mucr-cs100[0m/
[m~
zxie003@hammer $ cd rshell/
~/rshell
zxie003@hammer $ ls
[0m[01;34mbin[0m/  Makefile  README.md  [01;34msrc[0m/  [01;34mtest[0m/
[m~/rshell
zxie003@hammer $ cd[K[Kmake
mkdir -p ./bin
g++ -ansi -pedantic -Wall -Werror ./src/hw0.cpp -o ./bin/rshell
~/rshell
zxie003@hammer $ bin/rshell
zxie003@hammer.cs.ucr.edu:$ls
bin  Makefile  README.md  src  test
zxie003@hammer.cs.ucr.edu:$ls;
bin  Makefile  README.md  src  test
zxie003@hammer.cs.ucr.edu:$ls -a;
.  ..  bin  .git  Makefile  README.md  src  test
zxie003@hammer.cs.ucr.edu:$ls -l
total 20
drwx------ 2 zxie003 classes 4096 Apr 18 21:55 bin
-rw------- 1 zxie003 classes  267 Apr 18 21:19 Makefile
-rw------- 1 zxie003 classes 1402 Apr 18 21:24 README.md
drwx------ 2 zxie003 classes 4096 Apr 18 21:19 src
drwx------ 2 zxie003 classes 4096 Apr 18 21:51 test
zxie003@hammer.cs.ucr.edu:$ls -a -l;
total 36
drwx------  6 zxie003 classes 4096 Apr 18 21:31 .
drwx------ 42 zxie003 classes 8192 Apr 18 21:47 ..
drwx------  2 zxie003 classes 4096 Apr 18 21:55 bin
drwx------  8 zxie003 classes 4096 Apr 18 21:24 .git
-rw-------  1 zxie003 classes  267 Apr 18 21:19 Makefile
-rw-------  1 zxie003 classes 1402 Apr 18 21:24 README.md
drwx------  2 zxie003 classes 4096 Apr 18 21:19 src
drwx------  2 zxie003 classes 4096 Apr 18 21:51 test
zxie003@hammer.cs.ucr.edu:$ls -a -b -c -d -f -g -h -i -m-  -n -0 o;
21510241 drwx------ 6 4.0K Apr 18 21:31 .
zxie003@hammer.cs.ucr.edu:$/ bim n/rshell
zxie003@hammer.cs.ucr.edu:$ps
  PID TTY          TIME CMD
20780 pts/38   00:00:00 bash
21451 pts/38   00:00:00 rshell
22797 pts/38   00:00:00 rshell
22805 pts/38   00:00:00 ps
zxie003@hammer.cs.ucr.edu:$exit
zxie003@hammer.cs.ucr.edu:$ps
  PID TTY          TIME CMD
20780 pts/38   00:00:00 bash
21451 pts/38   00:00:00 rshell
22810 pts/38   00:00:00 ps
zxie003@hammer.cs.ucr.edu:$ttt;
exec: No such file or directory
zxie003@hammer.cs.ucr.edu:$   ls  -a -l     ;
total 36
drwx------  6 zxie003 classes 4096 Apr 18 21:31 .
drwx------ 42 zxie003 classes 8192 Apr 18 21:47 ..
drwx------  2 zxie003 classes 4096 Apr 18 21:55 bin
drwx------  8 zxie003 classes 4096 Apr 18 21:24 .git
-rw-------  1 zxie003 classes  267 Apr 18 21:19 Makefile
-rw-------  1 zxie003 classes 1402 Apr 18 21:24 README.md
drwx------  2 zxie003 classes 4096 Apr 18 21:19 src
drwx------  2 zxie003 classes 4096 Apr 18 21:51 test
zxie003@hammer.cs.ucr.edu:$;;  ls;;;
bin  Makefile  README.md  src  test
zxie003@hammer.cs.ucr.edu:$|| ls;
bin  Makefile  README.md  src  test
zxie003@hammer.cs.ucr.edu:$&& ls;
bin  Makefile  README.md  src  test
zxie003@hammer.cs.ucr.edu:$ls ||;
bin  Makefile  README.md  src  test
zxie003@hammer.cs.ucr.edu:$ls &&;
bin  Makefile  README.md  src  test
zxie003@hammer.cs.ucr.edu:$;;;
zxie003@hammer.cs.ucr.edu:$&&
zxie003@hammer.cs.ucr.edu:$||
zxie003@hammer.cs.ucr.edu:$&&&
exec: No such file or directory
zxie003@hammer.cs.ucr.edu:$|||
exec: No such file or directory
zxie003@hammer.cs.ucr.edu:$ls && pwd;
bin  Makefile  README.md  src  test
/class/classes/zxie003/rshell
zxie003@hammer.cs.ucr.edu:$ls || pwd;
bin  Makefile  README.md  src  test
zxie003@hammer.cs.ucr.edu:$ls && pwd && ps;
bin  Makefile  README.md  src  test
/class/classes/zxie003/rshell
  PID TTY          TIME CMD
20780 pts/38   00:00:00 bash
21451 pts/38   00:00:00 rshell
25707 pts/38   00:00:00 ps
zxie003@hammer.cs.ucr.edu:$ls || pwd || ps;
bin  Makefile  README.md  src  test
zxie003@hammer.cs.ucr.edu:$ttt || ee || wd  || ls |||    ffe || efw ;
exec: No such file or directory
exec: No such file or directory
exec: No such file or directory
bin  Makefile  README.md  src  test
zxie003@hammer.cs.ucr.edu:$ls||pwd;
bin  Makefile  README.md  src  test
zxie003@hammer.cs.ucr.edu:$ls&&pwdl ;
bin  Makefile  README.md  src  test
/class/classes/zxie003/rshell
zxie003@hammer.cs.ucr.edu:$true || pwd;
zxie003@hammer.cs.ucr.edu:$false || pwd;
/class/classes/zxie003/rshell
zxie003@hammer.cs.ucr.edu:$pwd ||      true && pwd;
/class/classes/zxie003/rshell
zxie003@hammer.cs.ucr.edu:$true || pwd;
zxie003@hammer.cs.ucr.edu:$true || false && false && true || ls;
bin  Makefile  README.md  src  test
zxie003@hammer.cs.ucr.edu:$true && ls || pwd;
bin  Makefile  README.md  src  test
zxie003@hammer.cs.ucr.edu:$  echo hi || dwudha && ls;
hi
bin  Makefile  README.md  src  test
zxie003@hammer.cs.ucr.edu:$ls -l ||    dhawudod ; ls||pwd;
total 20
drwx------ 2 zxie003 classes 4096 Apr 18 21:55 bin
-rw------- 1 zxie003 classes  267 Apr 18 21:19 Makefile
-rw------- 1 zxie003 classes 1402 Apr 18 21:24 README.md
drwx------ 2 zxie003 classes 4096 Apr 18 21:19 src
drwx------ 2 zxie003 classes 4096 Apr 18 21:51 test
bin  Makefile  README.md  src  test
zxie003@hammer.cs.ucr.edu:$exit
~/rshell
zxie003@hammer $ bin/rshell
zxie003@hammer.cs.ucr.edu:$ls -l exit;
ls: cannot access exit: No such file or directory
zxie003@hammer.cs.ucr.edu:$^[[A    ls -l; exit
total 20
drwx------ 2 zxie003 classes 4096 Apr 18 21:55 bin
-rw------- 1 zxie003 classes  267 Apr 18 21:19 Makefile
-rw------- 1 zxie003 classes 1402 Apr 18 21:24 README.md
drwx------ 2 zxie003 classes 4096 Apr 18 21:19 src
drwx------ 2 zxie003 classes 4096 Apr 18 21:51 test
~/rshell
zxie003@hammer $ danjd[K[K[K[K[Kbin/rshell
zxie003@hammer.cs.ucr.edu:$dwajduw exit
exec: No such file or directory
zxie003@hammer.cs.ucr.edu:$ls -l #dwdjdo;
total 20
drwx------ 2 zxie003 classes 4096 Apr 18 21:55 bin
-rw------- 1 zxie003 classes  267 Apr 18 21:19 Makefile
-rw------- 1 zxie003 classes 1402 Apr 18 21:24 README.md
drwx------ 2 zxie003 classes 4096 Apr 18 21:19 src
drwx------ 2 zxie003 classes 4096 Apr 18 21:51 test
zxie003@hammer.cs.ucr.edu:$ls -l#djwdo;
total 20
drwx------ 2 zxie003 classes 4096 Apr 18 21:55 bin
-rw------- 1 zxie003 classes  267 Apr 18 21:19 Makefile
-rw------- 1 zxie003 classes 1402 Apr 18 21:24 README.md
drwx------ 2 zxie003 classes 4096 Apr 18 21:19 src
drwx------ 2 zxie003 classes 4096 Apr 18 21:51 test
zxie003@hammer.cs.ucr.edu:$#ls -dwhdo;
exec: No such file or directory
zxie003@hammer.cs.ucr.edu:$a ls #-l;
bin  Makefile  README.md  src  test
zxie003@hammer.cs.ucr.edu:$ps  touch es;
zxie003@hammer.cs.ucr.edu:$ls
bin  es  Makefile  README.md  src  test
zxie003@hammer.cs.ucr.edu:$re   m es
zxie003@hammer.cs.ucr.edu:$ls
bin  Makefile  README.md  src  test
zxie003@hammer.cs.ucr.edu:$exit
~/rshell
zxie003@hammer $ exit
exit

Script done on Sat 18 Apr 2015 10:43:10 PM PDT
